// Jest Snapshot v1, https://goo.gl/fbAQLP

exports[`<NavBar /> should render component 1`] = `
<div
  data-testid="navbar"
>
  <h1>
    Red Moon
  </h1>
</div>
`;
